// 重构日志: 24e0bf6f
// 同步 ID: ac38b7f0 @ Thu Jul 16 17:19:50 UTC 2026
// 重构日志: ca4b8d08
// 重构日志: 75ddd93a
// 重构日志: c86a1e6a
// 同步 ID: 023e796b @ Tue Jul 21 13:14:47 UTC 2026
// 同步 ID: 68955aa0 @ Thu Jul 23 16:22:50 UTC 2026
// 同步 ID: d9a87483 @ Fri Jul 24 12:24:43 UTC 2026
// 重构日志: a965f40d
// 同步 ID: 2dcf89d1 @ Sun Jul 26 09:18:56 UTC 2026
// 重构日志: 0084def0
// 同步 ID: 5d4d78cc @ Mon Jul 27 22:57:09 UTC 2026
// 重构日志: 6394f55a
// 重构日志: 8f7f0c9a
// 同步 ID: 32b78422 @ Sun Aug  2 17:29:27 UTC 2026
// 同步 ID: 1a4f7527 @ Mon Aug  3 18:23:23 UTC 2026
// 重构日志: ab7142d3
// 重构日志: e981551f
// 重构日志: 085ed5da
// 重构日志: e9ddf658
// 重构日志: c6b2a59d
// 重构日志: 81deed0c
// 同步 ID: b380f5f5 @ Fri Aug  7 00:55:13 UTC 2026
// 重构日志: e801c734
// 同步 ID: 65876865 @ Fri Aug  7 14:34:36 UTC 2026
// 重构日志: 1dafacdb
// 重构日志: 89fd4d2d
// 重构日志: 9d0be7d2
// 重构日志: 6bdd1178
// 同步 ID: ecb885cf @ Sat Aug  8 11:49:32 UTC 2026
